// Jest Snapshot v1, https://goo.gl/fbAQLP

exports[`Component renders correctly 1`] = `
<Formik
  enableReinitialize={false}
  initialValues={
    Object {
      "email": "john@appleseed.com",
      "fullName": "John Appleseed",
    }
  }
  isInitialValid={false}
  onSubmit={[Function]}
  render={[Function]}
  validateOnBlur={true}
  validateOnChange={true}
  validationSchema={
    ObjectSchema {
      "_blacklist": RefSet {
        "list": Set {},
        "refs": Map {},
      },
      "_conditions": Array [],
      "_defaultDefault": [Function],
      "_deps": Array [],
      "_excludedEdges": Array [],
      "_exclusive": Object {},
      "_mutate": false,
      "_nodes": Array [
        "email",
        "fullName",
      ],
      "_options": Object {
        "abortEarly": true,
        "recursive": true,
      },
      "_type": "object",
      "_typeError": [Function],
      "_whitelist": RefSet {
        "list": Set {},
        "refs": Map {},
      },
      "fields": Object {
        "email": StringSchema {
          "_blacklist": RefSet {
            "list": Set {},
            "refs": Map {},
          },
          "_conditions": Array [],
          "_deps": Array [],
          "_exclusive": Object {
            "required": false,
            "undefined": false,
          },
          "_mutate": false,
          "_options": Object {
            "abortEarly": true,
            "recursive": true,
          },
          "_type": "string",
          "_typeError": [Function],
          "_whitelist": RefSet {
            "list": Set {},
            "refs": Map {},
          },
          "tests": Array [
            [Function],
            [Function],
            [Function],
          ],
          "transforms": Array [
            [Function],
          ],
        },
        "fullName": StringSchema {
          "_blacklist": RefSet {
            "list": Set {},
            "refs": Map {},
          },
          "_conditions": Array [],
          "_deps": Array [],
          "_exclusive": Object {
            "required": false,
          },
          "_mutate": false,
          "_options": Object {
            "abortEarly": true,
            "recursive": true,
          },
          "_type": "string",
          "_typeError": [Function],
          "_whitelist": RefSet {
            "list": Set {},
            "refs": Map {},
          },
          "tests": Array [
            [Function],
            [Function],
          ],
          "transforms": Array [
            [Function],
          ],
        },
      },
      "tests": Array [],
      "transforms": Array [
        [Function],
      ],
    }
  }
/>
`;
