// Jest Snapshot v1, https://goo.gl/fbAQLP

exports[`Component renders correctly 1`] = `
<ForwardRef>
  <ForwardRef />
  <ForwardRef>
    List is loading
  </ForwardRef>
</ForwardRef>
`;
