// Jest Snapshot v1, https://goo.gl/fbAQLP

exports[`Component renders correctly 1`] = `
<ForwardRef>
  Heading
</ForwardRef>
`;
